
> pi-goal-list-loop-audit@0.39.9 test
> node scripts/run-tests.mjs tests/respec-builder-ui.test.ts

[run-tests] mode=explicit slow_files=12 stall_timeout=180s heartbeat=30s
bun test v1.3.14 (0d9b296a) 1x PARALLEL

tests/respec-builder-ui.test.ts:
18 | test("live telemetry is claim-fenced and missing telemetry never implies a running worker", () => {
19 |   const builder = pending();
20 |   assert.match(respecAuditStatus(builder, 5000), /waiting for dispatch/);
21 |   setRespecAuditLive(builder, { phase: "retrying", model: "provider/model", startedAt: 1000, lastActivityAt: 2000, retryAt: 7000, activity: "retry: timeout" });
22 |   try {
23 |     assert.match(respecAuditStatus(builder, 5000), /retrying.*provider\/model.*elapsed 4s.*last activity 3s ago.*retry in 2s/);
                ^
AssertionError: The input did not match the regular expression /retrying.*provider\/model.*elapsed 4s.*last activity 3s ago.*retry in 2s/. Input:

'auditor: retrying · provider/model · total 4s · last activity 3s ago · retry: timeout · retry in 2s'

 generatedMessage: true,
     actual: "auditor: retrying · provider/model · total 4s · last activity 3s ago · retry: timeout · retry in 2s",
   expected: /retrying.*provider\/model.*elapsed 4s.*last activity 3s ago.*retry in 2s/,
   operator: "match",
       code: "ERR_ASSERTION"

      at /home/dracon/Dev/pi-plugins/pi-goal-list-loop-audit/tests/respec-builder-ui.test.ts:23:12
      at fn (node:test:215:18)
(fail) live telemetry is claim-fenced and missing telemetry never implies a running worker [6.27ms]
(pass) completion summary requires proof and includes acceptance, shipped capability and evidence [1.03ms]
(pass) actual project summaries render semantic headings, bold and no italics in both themes [46.01ms]
(pass) large project summaries stay within the shared receipt transport and disclose omissions [27.39ms]

 3 pass
 1 fail
Ran 4 tests across 1 file. [1128.00ms]
[run-tests] finished in 1s (exit 1)
