[run-tests] mode=explicit slow_files=12 stall_timeout=180s heartbeat=30s
bun test v1.3.14 (0d9b296a) 1x PARALLEL

tests/action-reminder.test.ts:
(pass) standby renderer keeps the background-wake explanation visible [22.80ms]
(pass) registers a dedicated GLLA reminder renderer [0.08ms]
(pass) blocked reminder is actionable and says the work is safely parked [0.99ms]
(pass) decision reminder is prominent, safely parked, and names the exact picker action [0.68ms]
(pass) redirect reminder says the goal is held while the new request runs [0.32ms]
(pass) diagnostics trail the actionable reminder as subordinate text [0.36ms]
(pass) standby reminder says background completion wakes the work [0.07ms]
(pass) timed wait is automatic and does not invent a manual action [0.26ms]
(pass) assistant abort notice is a GLLA explanation, not generic transport text [0.41ms]
(pass) wait abort notice uses the same automatic-wake explanation as its card [0.10ms]
(pass) reminder rendering bounds narrow rows and strips terminal commands [4.62ms]
179 | 
180 | test("decision reminder rendering agrees with its transcript when no action was supplied", () => {
181 |   const reminder = buildActionReminder({ kind: "decision", reason: "Choose the rollout approach.", resumeCommand: "/goal resume" });
182 |   assert.match(reminder.content, /Choose an option in the decision card/);
183 |   const rendered = renderReminder(reminder);
184 |   assert.match(rendered, /Choose an option in the decision card/);
               ^
AssertionError: The input did not match the regular expression /Choose an option in the decision card/. Input:

'                                                                                                                        \n' +
  ' ⏸ GLLA Decision needed — work is safely parked                                                                         \n' +
  ' Why: Choose the rollout approach.                                                                                      \n' +
  ' Next: /goal resume                                                                                                     \n' +
  ' Your saved work is intact; this turn stopped before more work could be lost.                                           \n' +
  ' Resume: /goal resume                                                                                                   \n' +
  '                                                                                                                        '

 generatedMessage: true,
     actual: "                                                                                                                        \n ⏸ GLLA Decision needed — work is safely parked                                                                         \n Why: Choose the rollout approach.                                                                                      \n Next: /goal resume                                                                                                     \n Your saved work is intact; this turn stopped before more work could be lost.                                           \n Resume: /goal resume                                                                                                   \n                                                                                                                        ",
   expected: /Choose an option in the decision card/,
   operator: "match",
       code: "ERR_ASSERTION"

      at /home/dracon/Dev/pi-plugins/pi-goal-list-loop-audit/tests/action-reminder.test.ts:184:10
      at fn (node:test:215:18)
(fail) decision reminder rendering agrees with its transcript when no action was supplied [4.15ms]

 11 pass
 1 fail
Ran 12 tests across 1 file. [585.00ms]
[run-tests] finished in 1s (exit 1)
