{
  "fixture": "real continuationPrompt repeated as goal-event history",
  "payloadChars": 24131,
  "payloadBytes": 24243,
  "providerCapture": "deterministic pi-ai AssistantMessage.usage-shaped fixture; production agent_end captures exact provider values",
  "rows": [
    {
      "continuations": 0,
      "measurement": {
        "messageCount": 2,
        "serializedBytes": 183,
        "textChars": 52,
        "estimatedTokens": 13,
        "gllaMessageCount": 0,
        "gllaSerializedBytes": 0,
        "gllaTextChars": 0,
        "gllaEstimatedTokens": 0,
        "uniqueGllaPayloadCount": 0,
        "repeatedGllaPayloadCount": 0,
        "repeatedGllaSerializedBytes": 0,
        "failedErrorOnlyCount": 0,
        "unserializableMessageCount": 0,
        "provider": {
          "sampleCount": 0,
          "inputTokens": 0,
          "outputTokens": 0,
          "cacheReadTokens": 0,
          "cacheWriteTokens": 0,
          "totalTokens": 0,
          "firstInputTokens": null,
          "latestInputTokens": null,
          "inputTokenDelta": null,
          "incompleteSampleCount": 0
        }
      },
      "deltaFromBaseline": {
        "messageCount": 0,
        "serializedBytes": 0,
        "textChars": 0,
        "estimatedTokens": 0,
        "gllaMessageCount": 0,
        "gllaSerializedBytes": 0,
        "gllaTextChars": 0,
        "gllaEstimatedTokens": 0,
        "uniqueGllaPayloadCount": 0,
        "repeatedGllaPayloadCount": 0,
        "repeatedGllaSerializedBytes": 0,
        "failedErrorOnlyCount": 0,
        "unserializableMessageCount": 0,
        "provider": {
          "sampleCount": 0,
          "inputTokens": 0,
          "outputTokens": 0,
          "cacheReadTokens": 0,
          "cacheWriteTokens": 0,
          "totalTokens": 0,
          "firstInputTokens": null,
          "latestInputTokens": null,
          "inputTokenDelta": null,
          "incompleteSampleCount": 0
        }
      },
      "boundedProjection": {
        "removedPayloads": 0,
        "retainedPayloads": 0,
        "insertedCheckpoint": false,
        "checkpointChars": 0,
        "measurement": {
          "messageCount": 2,
          "serializedBytes": 183,
          "textChars": 52,
          "estimatedTokens": 13,
          "gllaMessageCount": 0,
          "gllaSerializedBytes": 0,
          "gllaTextChars": 0,
          "gllaEstimatedTokens": 0,
          "uniqueGllaPayloadCount": 0,
          "repeatedGllaPayloadCount": 0,
          "repeatedGllaSerializedBytes": 0,
          "failedErrorOnlyCount": 0,
          "unserializableMessageCount": 0,
          "provider": {
            "sampleCount": 0,
            "inputTokens": 0,
            "outputTokens": 0,
            "cacheReadTokens": 0,
            "cacheWriteTokens": 0,
            "totalTokens": 0,
            "firstInputTokens": null,
            "latestInputTokens": null,
            "inputTokenDelta": null,
            "incompleteSampleCount": 0
          }
        },
        "deltaFromBaseline": {
          "messageCount": 0,
          "serializedBytes": 0,
          "textChars": 0,
          "estimatedTokens": 0,
          "gllaMessageCount": 0,
          "gllaSerializedBytes": 0,
          "gllaTextChars": 0,
          "gllaEstimatedTokens": 0,
          "uniqueGllaPayloadCount": 0,
          "repeatedGllaPayloadCount": 0,
          "repeatedGllaSerializedBytes": 0,
          "failedErrorOnlyCount": 0,
          "unserializableMessageCount": 0,
          "provider": {
            "sampleCount": 0,
            "inputTokens": 0,
            "outputTokens": 0,
            "cacheReadTokens": 0,
            "cacheWriteTokens": 0,
            "totalTokens": 0,
            "firstInputTokens": null,
            "latestInputTokens": null,
            "inputTokenDelta": null,
            "incompleteSampleCount": 0
          }
        }
      }
    },
    {
      "continuations": 1,
      "measurement": {
        "messageCount": 3,
        "serializedBytes": 24765,
        "textChars": 24183,
        "estimatedTokens": 6046,
        "gllaMessageCount": 1,
        "gllaSerializedBytes": 24582,
        "gllaTextChars": 24131,
        "gllaEstimatedTokens": 6033,
        "uniqueGllaPayloadCount": 1,
        "repeatedGllaPayloadCount": 0,
        "repeatedGllaSerializedBytes": 0,
        "failedErrorOnlyCount": 0,
        "unserializableMessageCount": 0,
        "provider": {
          "sampleCount": 1,
          "inputTokens": 8000,
          "outputTokens": 100,
          "cacheReadTokens": 0,
          "cacheWriteTokens": 0,
          "totalTokens": 8100,
          "firstInputTokens": 8000,
          "latestInputTokens": 8000,
          "inputTokenDelta": 0,
          "incompleteSampleCount": 0
        }
      },
      "deltaFromBaseline": {
        "messageCount": 1,
        "serializedBytes": 24582,
        "textChars": 24131,
        "estimatedTokens": 6033,
        "gllaMessageCount": 1,
        "gllaSerializedBytes": 24582,
        "gllaTextChars": 24131,
        "gllaEstimatedTokens": 6033,
        "uniqueGllaPayloadCount": 1,
        "repeatedGllaPayloadCount": 0,
        "repeatedGllaSerializedBytes": 0,
        "failedErrorOnlyCount": 0,
        "unserializableMessageCount": 0,
        "provider": {
          "sampleCount": 1,
          "inputTokens": 8000,
          "outputTokens": 100,
          "cacheReadTokens": 0,
          "cacheWriteTokens": 0,
          "totalTokens": 8100,
          "firstInputTokens": 8000,
          "latestInputTokens": 8000,
          "inputTokenDelta": 8000,
          "incompleteSampleCount": 0
        }
      },
      "boundedProjection": {
        "removedPayloads": 0,
        "retainedPayloads": 1,
        "insertedCheckpoint": false,
        "checkpointChars": 0,
        "measurement": {
          "messageCount": 3,
          "serializedBytes": 24765,
          "textChars": 24183,
          "estimatedTokens": 6046,
          "gllaMessageCount": 1,
          "gllaSerializedBytes": 24582,
          "gllaTextChars": 24131,
          "gllaEstimatedTokens": 6033,
          "uniqueGllaPayloadCount": 1,
          "repeatedGllaPayloadCount": 0,
          "repeatedGllaSerializedBytes": 0,
          "failedErrorOnlyCount": 0,
          "unserializableMessageCount": 0,
          "provider": {
            "sampleCount": 1,
            "inputTokens": 8000,
            "outputTokens": 100,
            "cacheReadTokens": 0,
            "cacheWriteTokens": 0,
            "totalTokens": 8100,
            "firstInputTokens": 8000,
            "latestInputTokens": 8000,
            "inputTokenDelta": 0,
            "incompleteSampleCount": 0
          }
        },
        "deltaFromBaseline": {
          "messageCount": 1,
          "serializedBytes": 24582,
          "textChars": 24131,
          "estimatedTokens": 6033,
          "gllaMessageCount": 1,
          "gllaSerializedBytes": 24582,
          "gllaTextChars": 24131,
          "gllaEstimatedTokens": 6033,
          "uniqueGllaPayloadCount": 1,
          "repeatedGllaPayloadCount": 0,
          "repeatedGllaSerializedBytes": 0,
          "failedErrorOnlyCount": 0,
          "unserializableMessageCount": 0,
          "provider": {
            "sampleCount": 1,
            "inputTokens": 8000,
            "outputTokens": 100,
            "cacheReadTokens": 0,
            "cacheWriteTokens": 0,
            "totalTokens": 8100,
            "firstInputTokens": 8000,
            "latestInputTokens": 8000,
            "inputTokenDelta": 8000,
            "incompleteSampleCount": 0
          }
        }
      }
    },
    {
      "continuations": 5,
      "measurement": {
        "messageCount": 7,
        "serializedBytes": 123093,
        "textChars": 120707,
        "estimatedTokens": 30177,
        "gllaMessageCount": 5,
        "gllaSerializedBytes": 122910,
        "gllaTextChars": 120655,
        "gllaEstimatedTokens": 30164,
        "uniqueGllaPayloadCount": 1,
        "repeatedGllaPayloadCount": 4,
        "repeatedGllaSerializedBytes": 98328,
        "failedErrorOnlyCount": 0,
        "unserializableMessageCount": 0,
        "provider": {
          "sampleCount": 5,
          "inputTokens": 60000,
          "outputTokens": 510,
          "cacheReadTokens": 100,
          "cacheWriteTokens": 4,
          "totalTokens": 60614,
          "firstInputTokens": 8000,
          "latestInputTokens": 16000,
          "inputTokenDelta": 8000,
          "incompleteSampleCount": 0
        }
      },
      "deltaFromBaseline": {
        "messageCount": 5,
        "serializedBytes": 122910,
        "textChars": 120655,
        "estimatedTokens": 30164,
        "gllaMessageCount": 5,
        "gllaSerializedBytes": 122910,
        "gllaTextChars": 120655,
        "gllaEstimatedTokens": 30164,
        "uniqueGllaPayloadCount": 1,
        "repeatedGllaPayloadCount": 4,
        "repeatedGllaSerializedBytes": 98328,
        "failedErrorOnlyCount": 0,
        "unserializableMessageCount": 0,
        "provider": {
          "sampleCount": 5,
          "inputTokens": 60000,
          "outputTokens": 510,
          "cacheReadTokens": 100,
          "cacheWriteTokens": 4,
          "totalTokens": 60614,
          "firstInputTokens": 8000,
          "latestInputTokens": 16000,
          "inputTokenDelta": 16000,
          "incompleteSampleCount": 0
        }
      },
      "boundedProjection": {
        "removedPayloads": 4,
        "retainedPayloads": 1,
        "insertedCheckpoint": true,
        "checkpointChars": 1010,
        "measurement": {
          "messageCount": 4,
          "serializedBytes": 25876,
          "textChars": 25193,
          "estimatedTokens": 6299,
          "gllaMessageCount": 2,
          "gllaSerializedBytes": 25693,
          "gllaTextChars": 25141,
          "gllaEstimatedTokens": 6286,
          "uniqueGllaPayloadCount": 2,
          "repeatedGllaPayloadCount": 0,
          "repeatedGllaSerializedBytes": 0,
          "failedErrorOnlyCount": 0,
          "unserializableMessageCount": 0,
          "provider": {
            "sampleCount": 5,
            "inputTokens": 60000,
            "outputTokens": 510,
            "cacheReadTokens": 100,
            "cacheWriteTokens": 4,
            "totalTokens": 60614,
            "firstInputTokens": 8000,
            "latestInputTokens": 16000,
            "inputTokenDelta": 8000,
            "incompleteSampleCount": 0
          }
        },
        "deltaFromBaseline": {
          "messageCount": 2,
          "serializedBytes": 25693,
          "textChars": 25141,
          "estimatedTokens": 6286,
          "gllaMessageCount": 2,
          "gllaSerializedBytes": 25693,
          "gllaTextChars": 25141,
          "gllaEstimatedTokens": 6286,
          "uniqueGllaPayloadCount": 2,
          "repeatedGllaPayloadCount": 0,
          "repeatedGllaSerializedBytes": 0,
          "failedErrorOnlyCount": 0,
          "unserializableMessageCount": 0,
          "provider": {
            "sampleCount": 5,
            "inputTokens": 60000,
            "outputTokens": 510,
            "cacheReadTokens": 100,
            "cacheWriteTokens": 4,
            "totalTokens": 60614,
            "firstInputTokens": 8000,
            "latestInputTokens": 16000,
            "inputTokenDelta": 16000,
            "incompleteSampleCount": 0
          }
        }
      }
    },
    {
      "continuations": 12,
      "measurement": {
        "messageCount": 14,
        "serializedBytes": 295167,
        "textChars": 289624,
        "estimatedTokens": 72406,
        "gllaMessageCount": 12,
        "gllaSerializedBytes": 294984,
        "gllaTextChars": 289572,
        "gllaEstimatedTokens": 72393,
        "uniqueGllaPayloadCount": 1,
        "repeatedGllaPayloadCount": 11,
        "repeatedGllaSerializedBytes": 270402,
        "failedErrorOnlyCount": 0,
        "unserializableMessageCount": 0,
        "provider": {
          "sampleCount": 12,
          "inputTokens": 228000,
          "outputTokens": 1266,
          "cacheReadTokens": 660,
          "cacheWriteTokens": 12,
          "totalTokens": 229938,
          "firstInputTokens": 8000,
          "latestInputTokens": 30000,
          "inputTokenDelta": 22000,
          "incompleteSampleCount": 0
        }
      },
      "deltaFromBaseline": {
        "messageCount": 12,
        "serializedBytes": 294984,
        "textChars": 289572,
        "estimatedTokens": 72393,
        "gllaMessageCount": 12,
        "gllaSerializedBytes": 294984,
        "gllaTextChars": 289572,
        "gllaEstimatedTokens": 72393,
        "uniqueGllaPayloadCount": 1,
        "repeatedGllaPayloadCount": 11,
        "repeatedGllaSerializedBytes": 270402,
        "failedErrorOnlyCount": 0,
        "unserializableMessageCount": 0,
        "provider": {
          "sampleCount": 12,
          "inputTokens": 228000,
          "outputTokens": 1266,
          "cacheReadTokens": 660,
          "cacheWriteTokens": 12,
          "totalTokens": 229938,
          "firstInputTokens": 8000,
          "latestInputTokens": 30000,
          "inputTokenDelta": 30000,
          "incompleteSampleCount": 0
        }
      },
      "boundedProjection": {
        "removedPayloads": 11,
        "retainedPayloads": 1,
        "insertedCheckpoint": true,
        "checkpointChars": 1010,
        "measurement": {
          "messageCount": 4,
          "serializedBytes": 25876,
          "textChars": 25193,
          "estimatedTokens": 6299,
          "gllaMessageCount": 2,
          "gllaSerializedBytes": 25693,
          "gllaTextChars": 25141,
          "gllaEstimatedTokens": 6286,
          "uniqueGllaPayloadCount": 2,
          "repeatedGllaPayloadCount": 0,
          "repeatedGllaSerializedBytes": 0,
          "failedErrorOnlyCount": 0,
          "unserializableMessageCount": 0,
          "provider": {
            "sampleCount": 12,
            "inputTokens": 228000,
            "outputTokens": 1266,
            "cacheReadTokens": 660,
            "cacheWriteTokens": 12,
            "totalTokens": 229938,
            "firstInputTokens": 8000,
            "latestInputTokens": 30000,
            "inputTokenDelta": 22000,
            "incompleteSampleCount": 0
          }
        },
        "deltaFromBaseline": {
          "messageCount": 2,
          "serializedBytes": 25693,
          "textChars": 25141,
          "estimatedTokens": 6286,
          "gllaMessageCount": 2,
          "gllaSerializedBytes": 25693,
          "gllaTextChars": 25141,
          "gllaEstimatedTokens": 6286,
          "uniqueGllaPayloadCount": 2,
          "repeatedGllaPayloadCount": 0,
          "repeatedGllaSerializedBytes": 0,
          "failedErrorOnlyCount": 0,
          "unserializableMessageCount": 0,
          "provider": {
            "sampleCount": 12,
            "inputTokens": 228000,
            "outputTokens": 1266,
            "cacheReadTokens": 660,
            "cacheWriteTokens": 12,
            "totalTokens": 229938,
            "firstInputTokens": 8000,
            "latestInputTokens": 30000,
            "inputTokenDelta": 30000,
            "incompleteSampleCount": 0
          }
        }
      }
    },
    {
      "continuations": 25,
      "measurement": {
        "messageCount": 27,
        "serializedBytes": 614733,
        "textChars": 603327,
        "estimatedTokens": 150832,
        "gllaMessageCount": 25,
        "gllaSerializedBytes": 614550,
        "gllaTextChars": 603275,
        "gllaEstimatedTokens": 150819,
        "uniqueGllaPayloadCount": 1,
        "repeatedGllaPayloadCount": 24,
        "repeatedGllaSerializedBytes": 589968,
        "failedErrorOnlyCount": 0,
        "unserializableMessageCount": 0,
        "provider": {
          "sampleCount": 25,
          "inputTokens": 800000,
          "outputTokens": 2800,
          "cacheReadTokens": 3000,
          "cacheWriteTokens": 24,
          "totalTokens": 805824,
          "firstInputTokens": 8000,
          "latestInputTokens": 56000,
          "inputTokenDelta": 48000,
          "incompleteSampleCount": 0
        }
      },
      "deltaFromBaseline": {
        "messageCount": 25,
        "serializedBytes": 614550,
        "textChars": 603275,
        "estimatedTokens": 150819,
        "gllaMessageCount": 25,
        "gllaSerializedBytes": 614550,
        "gllaTextChars": 603275,
        "gllaEstimatedTokens": 150819,
        "uniqueGllaPayloadCount": 1,
        "repeatedGllaPayloadCount": 24,
        "repeatedGllaSerializedBytes": 589968,
        "failedErrorOnlyCount": 0,
        "unserializableMessageCount": 0,
        "provider": {
          "sampleCount": 25,
          "inputTokens": 800000,
          "outputTokens": 2800,
          "cacheReadTokens": 3000,
          "cacheWriteTokens": 24,
          "totalTokens": 805824,
          "firstInputTokens": 8000,
          "latestInputTokens": 56000,
          "inputTokenDelta": 56000,
          "incompleteSampleCount": 0
        }
      },
      "boundedProjection": {
        "removedPayloads": 24,
        "retainedPayloads": 1,
        "insertedCheckpoint": true,
        "checkpointChars": 1010,
        "measurement": {
          "messageCount": 4,
          "serializedBytes": 25876,
          "textChars": 25193,
          "estimatedTokens": 6299,
          "gllaMessageCount": 2,
          "gllaSerializedBytes": 25693,
          "gllaTextChars": 25141,
          "gllaEstimatedTokens": 6286,
          "uniqueGllaPayloadCount": 2,
          "repeatedGllaPayloadCount": 0,
          "repeatedGllaSerializedBytes": 0,
          "failedErrorOnlyCount": 0,
          "unserializableMessageCount": 0,
          "provider": {
            "sampleCount": 25,
            "inputTokens": 800000,
            "outputTokens": 2800,
            "cacheReadTokens": 3000,
            "cacheWriteTokens": 24,
            "totalTokens": 805824,
            "firstInputTokens": 8000,
            "latestInputTokens": 56000,
            "inputTokenDelta": 48000,
            "incompleteSampleCount": 0
          }
        },
        "deltaFromBaseline": {
          "messageCount": 2,
          "serializedBytes": 25693,
          "textChars": 25141,
          "estimatedTokens": 6286,
          "gllaMessageCount": 2,
          "gllaSerializedBytes": 25693,
          "gllaTextChars": 25141,
          "gllaEstimatedTokens": 6286,
          "uniqueGllaPayloadCount": 2,
          "repeatedGllaPayloadCount": 0,
          "repeatedGllaSerializedBytes": 0,
          "failedErrorOnlyCount": 0,
          "unserializableMessageCount": 0,
          "provider": {
            "sampleCount": 25,
            "inputTokens": 800000,
            "outputTokens": 2800,
            "cacheReadTokens": 3000,
            "cacheWriteTokens": 24,
            "totalTokens": 805824,
            "firstInputTokens": 8000,
            "latestInputTokens": 56000,
            "inputTokenDelta": 56000,
            "incompleteSampleCount": 0
          }
        }
      }
    }
  ]
}
