
> pi-goal-list-loop-audit@0.38.105 test
> node scripts/run-tests.mjs tests/owner-fence.test.ts tests/persistence-hardening.test.ts tests/process-state-reset.test.ts

[run-tests] mode=explicit slow_files=12 stall_timeout=180s heartbeat=30s
bun test v1.3.14 (0d9b296a) 1x PARALLEL

tests/owner-fence.test.ts:
(pass) v0.35.72: a live foreign process cannot claim the workingDir owner file [175.90ms]
(pass) v0.35.72: mutating goal and loop commands use the stale admission fence [0.62ms]
(pass) owner acquisition and refresh preserve malformed records for explicit repair [9.48ms]
(pass) takeover compares the complete record inside the owner mutation [5.31ms]
(pass) a stale instance refresh cannot overwrite a same-process successor [5.60ms]

tests/process-state-reset.test.ts:
(pass) v0.38.88: composite clears a poisoned starvation streak [10.48ms]
(pass) v0.38.88: composite releases the session-owner claim [84.40ms]
(pass) v0.38.88: composite invokes every exported latch reset [8.44ms]

tests/persistence-hardening.test.ts:
(pass) readState: a truncated trailing active.jsonl line loads cleanly (mid-write kill) [7.00ms]
(pass) large JSONL records do not break forward or reverse ledger scans [1.72ms]
(pass) readState normalizes and bounds the detached-auditor recovery cursor [1.58ms]
(pass) readState recovers a transaction when the first state ledger line was never written [0.31ms]
(pass) goal transaction snapshot repairs a markdown-before-ledger crash [1.22ms]
(pass) a committed state line wins over an orphaned older transaction [0.42ms]
(pass) same-millisecond transaction recovery uses the base-state fingerprint [0.61ms]
(pass) a newer transaction with a stale base fingerprint cannot roll back a later state line [0.41ms]
(pass) invalid pending-audit phases are dropped to legacy recovery semantics [0.34ms]
(pass) persisted ids are validated before state or filesystem use [0.55ms]
(pass) E1: disk failure latches the degraded flag, never throws; a landing write self-heals [6.71ms]
(pass) E1: all four persistence entry points run through runPersistStep [0.49ms]
(pass) E1: archive removes the active md ONLY when the archive landed [0.77ms]
(pass) E1: archive destination is exclusive and cannot clobber a winner [1.39ms]
(pass) E1: loud first-failure notify + recovery notify at the persistState choke point [0.41ms]
(pass) E1: TUI persistence-degraded flag (first widget line, until a write lands) [0.23ms]
(pass) T6: schema does not drift from the Goal interface [5.81ms]

 25 pass
 0 fail
Ran 25 tests across 3 files. [3.24s]
[run-tests] finished in 3s (exit 0)
