
> pi-goal-list-loop-audit@0.38.105 test
> node scripts/run-tests.mjs tests/runtime-globals-contract.test.ts tests/owner-fence.test.ts tests/last-wins.test.ts

[run-tests] mode=explicit slow_files=12 stall_timeout=180s heartbeat=30s
bun test v1.3.14 (0d9b296a) 1x PARALLEL

tests/last-wins.test.ts:
(pass) last-wins: a main host steals a live root — the old owner is never signaled [2005.82ms]
(pass) last-wins: a worker contact never steals — the main session keeps the root [252.98ms]
(pass) last-wins: quiet paths still reclaim without supersede noise [266.11ms]
(pass) last-wins: the dethroned session stands down once, then recovers when the holder dies [547.85ms]
(pass) last-wins wiring: session_start supersedes under hostLifecycleStart, agent_end notes standing [100.11ms]
(pass) last-wins: an archive fence no longer refuses the new objective — old is ledgered, new starts [927.49ms]
(pass) last-wins control: without a fence the old objective still archives honestly [576.06ms]
(pass) last-wins source pins: setGoal preserves-then-proceeds, refusal text gone [501.03ms]
(pass) audit-2026-09-06: same-session lineage reclaims quietly — no steal event [259.82ms]
(pass) audit-2026-09-06: anonymous claimant cannot dethrone a live owner [379.91ms]

tests/owner-fence.test.ts:
(pass) v0.35.72: a live foreign process cannot claim the workingDir owner file [76.45ms]
(pass) v0.35.72: mutating goal and loop commands use the stale admission fence [0.46ms]
(pass) owner acquisition and refresh preserve malformed records for explicit repair [6.89ms]
(pass) takeover compares the complete record inside the owner mutation [3.69ms]
(pass) a stale instance refresh cannot overwrite a same-process successor [1.46ms]

tests/runtime-globals-contract.test.ts:
(pass) runtime global bridge has one typed declaration for every registration [119.47ms]
(pass) audit-2026-09-06: runtime globals register exactly once per process [0.54ms]

 17 pass
 0 fail
Ran 17 tests across 3 files. [10.34s]
[run-tests] finished in 11s (exit 0)
