
> pi-goal-list-loop-audit@0.38.105 test
> node scripts/run-tests.mjs tests/runtime-globals.test.ts tests/completion-summary-quality.test.ts tests/list-stall-reproduction.test.ts tests/stale-delayed-context.test.ts tests/persistence-hardening.test.ts

[run-tests] mode=explicit slow_files=12 stall_timeout=180s heartbeat=30s
bun test v1.3.14 (0d9b296a) 1x PARALLEL

tests/stale-delayed-context.test.ts:
(pass) v0.34.20: registered agent tools resolve the invocation context [5.63ms]
(pass) v0.34.20: provider retry timers have one session-boundary adapter [1.66ms]
(pass) v0.34.20: detached fan-out revalidates after user confirmation [4.49ms]
(pass) v0.34.22: detached completion audits persist lifecycle claims and stop applying after replacement [9.50ms]
(pass) v0.34.20: generic infra retry supports a lifecycle guard before and after backoff [0.38ms]
(pass) v0.34.20: manual resume consumes a stored completion claim directly [0.20ms]
(pass) v0.34.20: loop measurement and branch cleanup rebind after async work [1.00ms]

tests/completion-summary-quality.test.ts:
(pass) completion summary quality: validator requires six labels [8.33ms]
(pass) completion summary quality: generic prose and missing labels ledger and NOTE [14748.41ms]
(pass) completion summary quality: valid six-label recap passes without missing-label ledger [359.66ms]
(pass) v0.36.0: every terminal outcome gets a six-label recorded-facts fallback [1.64ms]
(pass) v0.36.0: validation annotations cannot satisfy recap-label validation [0.23ms]
(pass) v0.36.0: valid recap is preserved while generic prose is replaced [0.29ms]
(pass) gate and projectors share last-occurrence segmentation on stolen labels [3.71ms]
(pass) v0.36.0: compact recap projection keeps the five human labels and bounds each value [0.46ms]
(pass) v0.36.0: terminal notification projection resolves generic claims from durable facts [0.48ms]
(pass) v0.36.0: fallback never invents changed files or test results [0.22ms]
(pass) v0.36.0: archive boundary replaces a validator annotation with recorded facts [513.43ms]
(pass) v0.36.0: archiveCurrentGoal writes a recap for complete and abort-derived terminal paths [930.29ms]
(pass) completion summary audit doc exists and inventories archives [18.04ms]
(pass) v0.38.104: the recorded-facts archive summary never emits a lone surrogate [0.69ms]

tests/list-stall-reproduction.test.ts:
(pass) completed standalone goal automatically hands off to the waiting list [6221.34ms]
[run-tests] progress: 30s elapsed · 0s since last output · 2 KiB of suite output
(pass) /glla resume starts a waiting-only list instead of reporting nothing [247.71ms]
(pass) list-sourced completion promotes the successor and records the settle transition [149.26ms]

tests/persistence-hardening.test.ts:
(pass) readState: a truncated trailing active.jsonl line loads cleanly (mid-write kill) [44.84ms]
(pass) large JSONL records do not break forward or reverse ledger scans [5.86ms]
(pass) readState normalizes and bounds the detached-auditor recovery cursor [3.96ms]
(pass) readState recovers a transaction when the first state ledger line was never written [0.56ms]
(pass) goal transaction snapshot repairs a markdown-before-ledger crash [3.32ms]
(pass) a committed state line wins over an orphaned older transaction [1.29ms]
(pass) same-millisecond transaction recovery uses the base-state fingerprint [9.33ms]
(pass) a newer transaction with a stale base fingerprint cannot roll back a later state line [8.44ms]
(pass) invalid pending-audit phases are dropped to legacy recovery semantics [3.29ms]
(pass) persisted ids are validated before state or filesystem use [1.98ms]
(pass) E1: disk failure latches the degraded flag, never throws; a landing write self-heals [1.61ms]
(pass) E1: all four persistence entry points run through runPersistStep [0.62ms]
(pass) E1: archive removes the active md ONLY when the archive landed [1.72ms]
(pass) E1: archive destination is exclusive and cannot clobber a winner [1.67ms]
(pass) E1: loud first-failure notify + recovery notify at the persistState choke point [0.62ms]
(pass) E1: TUI persistence-degraded flag (first widget line, until a write lands) [0.28ms]
(pass) T6: schema does not drift from the Goal interface [146.49ms]

 41 pass
 0 fail
Ran 41 tests across 4 files. [31.77s]
[run-tests] finished in 32s (exit 0)
