bun test v1.3.14 (0d9b296a) 1x PARALLEL

tests/respec-builder-audit-runtime.test.ts:
(pass) a stale audit wake does not resolve a model or launch a worker [80.44ms]
(pass) a time bound cancels an in-flight worker and retains unfinished requirements [39.00ms]
(pass) real detached protocol approval archives the intended project before terminal handoff [109.20ms]
(pass) real detached disapproval carries findings into a durable unfinished next cycle [102.79ms]
(pass) a semantic approval rejected by the regression shield reports needs work [106.05ms]
(pass) completed job is recovered after reloading an unsettled claim without another spawn [116.62ms]
(pass) pausing during an actual worker run prevents late approval from settling the project [18.26ms]
(pass) archive failure preserves approval evidence for settlement retry instead of launching another audit [135.31ms]
(pass) concurrent wake paths dispatch only one worker for the exact durable claim [219.11ms]
(pass) respec uses the shared bounded retry/fallback policy and journals its candidate cursor [323.98ms]
(pass) an exhausted token bound holds the project before spawning an auditor or claiming completion [5.37ms]
276 |     assert.doesNotMatch(journal, /"type":"(?:heartbeat_refire|stall_escalated)"/);
277 |     let compacts = 0;
278 |     ctx.getContextUsage = () => ({ tokens: 315_000, contextWindow: 1_000_000, percent: 31.5 });
279 |     ctx.compact = () => { compacts++; };
280 |     await pi.fire("agent_settled", {}, ctx);
281 |     assert.equal(compacts, 0, "settled-boundary compaction cannot interrupt an increment auditor's wait");
                 ^
AssertionError: settled-boundary compaction cannot interrupt an increment auditor's wait

1 !== 0

 generatedMessage: false,
     actual: 1,
   expected: 0,
   operator: "strictEqual",
       code: "ERR_ASSERTION"

      at /home/dracon/Dev/pi-plugins/pi-goal-list-loop-audit/tests/respec-builder-audit-runtime.test.ts:281:12
      at processTicksAndRejections (native:7:39)
(fail) actual installer, command, tools and agent_end carry a project through detached verification [59.62ms]
(pass) terminal summary delivery failure preserves a replayable durable summary [127.69ms]
(pass) a failed builder journal commit restores the complete prior RAM state [1.88ms]
(pass) a supervisor freeze prevents a new project audit dispatch [0.97ms]
(pass) rapid pause/resume discards the cancelled worker result and rearms the saved claim [152.25ms]
(pass) an undelivered project summary survives replacement by a new project [124.23ms]
(pass) freezing supervision between auditor attempts prevents retry and fallback dispatch [117.44ms]
(pass) a corrupt summary outbox prevents terminal handoff and retains approved job evidence [144.01ms]

 18 pass
 1 fail
Ran 19 tests across 1 file. [2.66s]
