[run-tests] mode=explicit slow_files=12 stall_timeout=180s heartbeat=30s
bun test v1.3.14 (0d9b296a) 1x PARALLEL

tests/glla-version.test.ts:
(pass) /glla version reads the installed package metadata and exposes a registry check [0.78ms]
(pass) /glla version names staleness and the update path when the sidecar proves it [561.57ms]
(pass) package and lock metadata stay synchronized for version reporting [0.20ms]
(pass) /glla version is registered, autocompleted, and read-only routed [0.41ms]
(pass) unknown running version makes no staleness claim either way [1.52ms]
(pass) compareVersions is strictly numeric: prereleases never equal releases [0.13ms]
(pass) updateCheckPath defaults to the cwd state dir [0.12ms]

tests/disk-first-queue.test.ts:
(pass) writeQueueItemFile: atomic, lands in .pi-glla/goals/<id>.queue.json [167.64ms]
(pass) writeQueueItemFile: idempotent on retry (no overwrite) [38.00ms]
(pass) writeQueueItemFile: refuses to follow symlinks (symlink-safety) [0.55ms]
(pass) writeQueueItemFile: survives an existing temp residual [0.37ms]
(pass) deleteQueueItemFile: returns true when present, false when missing [0.71ms]
(pass) clearQueueItemFiles: removes orphaned sidecars and is idempotent [2.10ms]
(pass) readQueueFromDisk: returns queue items, in id order, skipping garbage [94.01ms]
(pass) readQueueFromDisk: excludeIds removes ids that are active or archived [167.87ms]
(pass) readQueueFromDisk: missing goals/ dir returns [] (not throw) [0.33ms]
(pass) round-trip: write then read returns identical items [2.66ms]
(pass) queueItemPath: stable relative shape [139.18ms]
(pass) v0.34.61: addSingleItem is disk-first (sidecar before state mutation) [1.13ms]
(pass) v0.34.61: list-draft path is disk-first (sidecar before state mutation) [0.49ms]
(pass) v0.35.0: remove/clear/cancel/glla_wipe clear queue sidecars [0.73ms]
(pass) v0.34.61: crash-simulation — sidecar survives state death and reload finds it [83.57ms]
(pass) v0.35.4: queue metadata round-trips and recovery uses durable order [289.05ms]
(pass) v0.35.4: failed sidecar writes are reported without leaving temp files [0.44ms]
(pass) v0.35.4: queue recovery and carryover clear use durable sidecars [0.74ms]

tests/completion-communication.test.ts:
(pass) pending is nonterminal; approval delivers durable concrete summary (idle=true) [3843.54ms]
(pass) pending is nonterminal; approval delivers durable concrete summary (idle=false) [5739.94ms]
(pass) complete_goal leftOut renders the deliberate-non-do bullet end to end [7412.37ms]
(pass) complete_goal findingGroups ride the claim into the grouped terminal render [7819.15ms]
[run-tests] progress: 30s elapsed · 1s since last output · 2 KiB of suite output
(pass) disapproval remains unfinished, no final success is posted [5097.81ms]
(pass) archive write failure never emits a terminal success [3826.81ms]
(pass) approval summary does not replace independent next-item continuation [19788.36ms]
[run-tests] progress: 60s elapsed · 2s since last output · 3 KiB of suite output
(pass) outbox write failure warns without claiming summary delivery [2808.65ms]

tests/auditor-process.test.ts:
(pass) compiled Pi hosts fall back to a JavaScript runtime while explicit commands remain available [17.59ms]
(pass) v0.35.27 (PR #17): bare tokens pass unquoted for .CMD shims, unsafe-arg gate still covers EVERY arg [0.28ms]
(pass) Windows worker shutdown kills the cmd/pi process tree [3.16ms]
(pass) Windows atomic protocol retries transient rename locks without unlinking the old snapshot [0.70ms]
(pass) transport failures carry an explicit no-verdict classification [1354.62ms]
(pass) fake worker setup stays in per-test temp storage [1.32ms]
(pass) detached parent accepts an identity-checked result and applies regression_shield [1713.97ms]
(pass) detached parent keeps a regression-shield block distinct from disapproval and infrastructure [1460.38ms]
(pass) detached parent forwards live worker telemetry to its progress callback [350.73ms]
(pass) v0.34.57: heartbeat-without-progress watchdog emits auditor_stalled and cancels the detached job [1797.85ms]
(pass) parent abort escalates a detached TERM-ignoring worker and removes its job [1777.09ms]
(pass) the real worker forwards ordered tool and report phases to the parent [2830.49ms]
(pass) real worker preserves structured HTTP 429 diagnostics for the parent [980.07ms]
(pass) real worker persists the auditor session when inspection is enabled (spawn spec + progress shape) [3552.86ms]
(pass) detached auditor env keeps runtime necessities and selected provider auth, not unrelated secrets [0.21ms]
(pass) real worker keeps the original --no-session spawn when inspection is unset (default unchanged) [2156.83ms]
(pass) worker assembles streamed report fragments into cumulative display lines without changing the exact result [3822.47ms]
(pass) parent rejects a result that reports an unsupported tool [654.61ms]
(pass) approval without an audit tool is a semantic disapproval [1045.41ms]
(pass) a verdict marker inside a think block is not accepted [934.99ms]
(pass) failed setup preserves a pre-existing attempt directory it does not own [3.94ms]
(pass) detached retry identities remain unique while completed job dirs persist for the retention window [1968.75ms]
(pass) cancel keeps a finished audit's transcript dir but reaps incomplete scratch [499.66ms]
