bun test v1.3.14 (0d9b296a) 1x PARALLEL

tests/regression-shield.test.ts: (run #1)
(pass) contractItems: strips the 'Done when:' marker line [0.60ms]
(pass) contractItems: handles inline single-line contracts [1.99ms]
(pass) contractItems: strips bullets and numbering [0.07ms]
(pass) contractItems: drops empty lines [0.04ms]
(pass) contractItems: skips wrapped prose preamble in list-shaped contracts [0.12ms]
(pass) contractItems: shapeless contracts keep every-line behavior [0.03ms]
(pass) contractItems: a Done-when criterion survives alongside bullets [0.02ms]
(pass) passes: preamble fragments are not required in evidence [15.41ms]
(pass) passes: evidence block present, all items referenced [0.25ms]
(pass) rejects: approval without an evidence block [0.09ms]
(pass) rejects: evidence block but an item is not addressed [0.06ms]
(pass) rejects: bamboozle-style empty evidence block [0.04ms]
(pass) rejects: contract prose outside evidence cannot satisfy the shield [0.04ms]
(pass) distinctive-token matching: references the item by a filename [0.02ms]
(pass) case-insensitive matching [0.02ms]
(pass) contractItems: excludes 'Out of scope' boundary lines [0.02ms]
(pass) compound tokens match via segments (left-cropped → left + cropped) [0.11ms]
(pass) prose punctuation glued to tokens does not break matching (file/element.) [0.07ms]
(pass) top-3 candidate matching tolerates contract-only vocabulary [0.04ms]
(pass) still rejects: bamboozle report that never touches the item's vocabulary [0.04ms]
(pass) CJK: a verbatim-quoted Chinese item passes (token is one CJK word, not delimiters) [0.47ms]
(pass) CJK: a quote that drops the trailing full-width colon still matches [0.04ms]
(pass) CJK: a Chinese line with no ASCII letters is one candidate token [0.02ms]
(pass) CJK: an English-only paraphrase of a Chinese item is still rejected (strict shield) [0.13ms]
(pass) CJK: mixed item matches on its ASCII token even when CJK words are not quoted [0.03ms]
(pass) ASCII behavior is unchanged: distinctive-token + compound matching still work [0.04ms]
(pass) contractItems: 'Done when ALL of the following are true:' preamble is dropped [0.02ms]
(pass) contractItems: preamble without trailing colon is also dropped [0.02ms]
(pass) shield passes a genuine approval that a preamble-only false positive used to block [0.04ms]
(pass) extractMechanicalCheckCommands: extracts backticked and raw shell commands [206.08ms]
(pass) extractMechanicalCheckCommands: skips commands under negation [0.61ms]
(pass) extractMechanicalCheckCommands: rejects never-exiting server commands [0.36ms]
(pass) v0.35.16: mechanical checks keep the TAIL of failed output and banner a timeout kill [1075.17ms]
(pass) mechanical checks stay async and kill descendant processes on timeout [2607.15ms]
(pass) mechanical checks stop a runaway process group before the wall timeout [124.10ms]
(pass) v0.35.18: resolveCanonicalRunnerCommand maps raw runners to their canonical package script [0.40ms]
(pass) v0.35.20: runMechanicalPreAuditChecks retries a transiently failing check exactly once, honestly bannered [30.14ms]
(pass) v0.38.23: mechanical checks resolve project-local node_modules/.bin (bare tsc ENOENT field fix) [30.73ms]

tests/regression-shield.test.ts: (run #2)
(pass) contractItems: strips the 'Done when:' marker line [0.08ms]
(pass) contractItems: handles inline single-line contracts [0.01ms]
(pass) contractItems: strips bullets and numbering [0.03ms]
(pass) contractItems: drops empty lines [0.02ms]
(pass) contractItems: skips wrapped prose preamble in list-shaped contracts [0.02ms]
(pass) contractItems: shapeless contracts keep every-line behavior
(pass) contractItems: a Done-when criterion survives alongside bullets
(pass) passes: preamble fragments are not required in evidence [0.06ms]
(pass) passes: evidence block present, all items referenced [0.02ms]
(pass) rejects: approval without an evidence block [0.04ms]
(pass) rejects: evidence block but an item is not addressed [0.02ms]
(pass) rejects: bamboozle-style empty evidence block [0.03ms]
(pass) rejects: contract prose outside evidence cannot satisfy the shield [0.03ms]
(pass) distinctive-token matching: references the item by a filename [0.01ms]
(pass) case-insensitive matching [0.01ms]
(pass) contractItems: excludes 'Out of scope' boundary lines
(pass) compound tokens match via segments (left-cropped → left + cropped) [0.04ms]
(pass) prose punctuation glued to tokens does not break matching (file/element.) [0.02ms]
(pass) top-3 candidate matching tolerates contract-only vocabulary [0.02ms]
(pass) still rejects: bamboozle report that never touches the item's vocabulary [0.01ms]
(pass) CJK: a verbatim-quoted Chinese item passes (token is one CJK word, not delimiters) [0.05ms]
(pass) CJK: a quote that drops the trailing full-width colon still matches [0.02ms]
(pass) CJK: a Chinese line with no ASCII letters is one candidate token
(pass) CJK: an English-only paraphrase of a Chinese item is still rejected (strict shield) [0.02ms]
(pass) CJK: mixed item matches on its ASCII token even when CJK words are not quoted [0.01ms]
(pass) ASCII behavior is unchanged: distinctive-token + compound matching still work [0.02ms]
(pass) contractItems: 'Done when ALL of the following are true:' preamble is dropped
(pass) contractItems: preamble without trailing colon is also dropped
(pass) shield passes a genuine approval that a preamble-only false positive used to block [0.02ms]
(pass) extractMechanicalCheckCommands: extracts backticked and raw shell commands [35.15ms]
(pass) extractMechanicalCheckCommands: skips commands under negation [0.20ms]
(pass) extractMechanicalCheckCommands: rejects never-exiting server commands [0.10ms]
(pass) v0.35.16: mechanical checks keep the TAIL of failed output and banner a timeout kill [1056.72ms]
(pass) mechanical checks stay async and kill descendant processes on timeout [2538.61ms]
(pass) mechanical checks stop a runaway process group before the wall timeout [117.77ms]
(pass) v0.35.18: resolveCanonicalRunnerCommand maps raw runners to their canonical package script [0.18ms]
(pass) v0.35.20: runMechanicalPreAuditChecks retries a transiently failing check exactly once, honestly bannered [89.70ms]
(pass) v0.38.23: mechanical checks resolve project-local node_modules/.bin (bare tsc ENOENT field fix) [3.72ms]

 76 pass
 0 fail
Ran 76 tests across 1 file. [8.75s]
